Microsoft Windows [Version 10.0.19045.3448]
(c) Microsoft Corporation. All rights reserved.

C:\Users\user1\Desktop\새 폴더 (3)>git init
Initialized empty Git repository in C:/Users/user1/Desktop/새 폴더 (3)/.git/

C:\Users\user1\Desktop\새 폴더 (3)>git remote add origin https://github.com/saahhh/RDBM_Oracle.git

C:\Users\user1\Desktop\새 폴더 (3)>git status
On branch master

No commits yet

Untracked files:
  (use "git add <file>..." to include in what will be committed)
        Oracle_DDL_DML.txt

nothing added to commit but untracked files present (use "git add" to track)

C:\Users\user1\Desktop\새 폴더 (3)>git add Oracle_DDL_DML.txt

C:\Users\user1\Desktop\새 폴더 (3)>git commit -m "DDL DML SQL 명령어"
[master (root-commit) d812c90] DDL DML SQL 명령어
 1 file changed, 21 insertions(+)
 create mode 100644 Oracle_DDL_DML.txt

C:\Users\user1\Desktop\새 폴더 (3)>git push
fatal: The current branch master has no upstream branch.
To push the current branch and set the remote as upstream, use

    git push --set-upstream origin master

To have this happen automatically for branches without a tracking
upstream, see 'push.autoSetupRemote' in 'git help config'.


C:\Users\user1\Desktop\새 폴더 (3)>git push --set-upstream origin master
Enumerating objects: 3, done.
Counting objects: 100% (3/3), done.
Delta compression using up to 12 threads
Compressing objects: 100% (2/2), done.
Writing objects: 100% (3/3), 793 bytes | 793.00 KiB/s, done.
Total 3 (delta 0), reused 0 (delta 0), pack-reused 0
To https://github.com/saahhh/RDBM_Oracle.git
 * [new branch]      master -> master
branch 'master' set up to track 'origin/master'.

C:\Users\user1\Desktop\새 폴더 (3)>git status
On branch master
Your branch is up to date with 'origin/master'.

Changes not staged for commit:
  (use "git add <file>..." to update what will be committed)
  (use "git restore <file>..." to discard changes in working directory)
        modified:   Oracle_DDL_DML.txt

no changes added to commit (use "git add" and/or "git commit -a")

C:\Users\user1\Desktop\새 폴더 (3)>git add Oracle_DDL_DML.txt/*
fatal: pathspec 'Oracle_DDL_DML.txt/*' did not match any files

C:\Users\user1\Desktop\새 폴더 (3)>git commit -m"DDL DML SQL 명령어"
On branch master
Your branch is up to date with 'origin/master'.

Changes not staged for commit:
  (use "git add <file>..." to update what will be committed)
  (use "git restore <file>..." to discard changes in working directory)
        modified:   Oracle_DDL_DML.txt

no changes added to commit (use "git add" and/or "git commit -a")

C:\Users\user1\Desktop\새 폴더 (3)>git add Oracle_DDL_DML.txt

C:\Users\user1\Desktop\새 폴더 (3)>git commit -m "DDL DML SQL 명령어"
[master dc3aced] DDL DML SQL 명령어
 1 file changed, 19 insertions(+), 1 deletion(-)

C:\Users\user1\Desktop\새 폴더 (3)>git push
Enumerating objects: 5, done.
Counting objects: 100% (5/5), done.
Delta compression using up to 12 threads
Compressing objects: 100% (2/2), done.
Writing objects: 100% (3/3), 555 bytes | 555.00 KiB/s, done.
Total 3 (delta 1), reused 0 (delta 0), pack-reused 0
remote: Resolving deltas: 100% (1/1), completed with 1 local object.
To https://github.com/saahhh/RDBM_Oracle.git
   d812c90..dc3aced  master -> master

C:\Users\user1\Desktop\새 폴더 (3)>git status
On branch master
Your branch is up to date with 'origin/master'.

nothing to commit, working tree clean

C:\Users\user1\Desktop\새 폴더 (3)>
